-- @service: new
-- Step 16: subscription with copy_data on the NEW server (traffic keeps running
-- on the old one). Created by the superuser; the connection uses the "repl" role.
CREATE SUBSCRIPTION app_sub
  CONNECTION 'host=old dbname=app user=repl password=repl'
  PUBLICATION app_pub
  WITH (copy_data = true);
psql:<stdin>:7: NOTICE:  created replication slot "app_sub" on publisher
CREATE SUBSCRIPTION
SELECT subname, subenabled, subslotname, subsynccommit, suborigin, subfailover FROM pg_subscription;
 subname | subenabled | subslotname | subsynccommit | suborigin | subfailover 
---------+------------+-------------+---------------+-----------+-------------
 app_sub | t          | app_sub     | off           | any       | f
(1 row)

-- states: i initialize, d data being copied, f finished copy, s synchronized, r ready
SELECT srrelid::regclass AS tbl, srsubstate FROM pg_subscription_rel ORDER BY srrelid::regclass::text;
        tbl         | srsubstate 
--------------------+------------
 audit_log          | i
 counters           | i
 customers          | i
 cutover_markers    | i
 documents          | i
 measurements_2026  | i
 measurements_other | i
 orders             | i
(8 rows)

