postgres (PostgreSQL) 17.11 (Debian 17.11-1.pgdg13+2)
postgres (PostgreSQL) 18.6 (Debian 18.6-1.pgdg13+2)
data checksums (17, initdb default): off
[5442]> CREATE SUBSCRIPTION sub CONNECTION 'host=localhost port=5441 dbname=app' PUBLICATION pub
NOTICE:  created replication slot "sub" on publisher
CREATE SUBSCRIPTION

### 17 before the upgrade
[5442]> SELECT count(*) FROM items
 count 
-------
  1000
(1 row)

[5442]> SELECT subname, subenabled, subslotname FROM pg_subscription
 subname | subenabled | subslotname 
---------+------------+-------------
 sub     | t          | sub
(1 row)

[5442]> SELECT srrelid::regclass, srsubstate FROM pg_subscription_rel ORDER BY srrelid::regclass::text
 srrelid | srsubstate 
---------+------------
 gap     | r
 items   | r
(2 rows)

[5442]> SELECT external_id, remote_lsn IS NOT NULL AS has_remote_lsn FROM pg_replication_origin_status ORDER BY 1
 external_id | has_remote_lsn 
-------------+----------------
 pg_16399    | t
(1 row)

[5441]> SELECT slot_name, plugin, active, confirmed_flush_lsn IS NOT NULL AS flushed FROM pg_replication_slots
 slot_name |  plugin  | active | flushed 
-----------+----------+--------+---------
 sub       | pgoutput | t      | t
(1 row)

