-- @service: pg19a
-- @db: postgres
-- Step 40 (part C, PostgreSQL 19 BETA): which build, and the syntax this build documents.
-- Everything in part C is beta behaviour and may change or be reverted before GA.
SELECT version();
                                                                 version                                                                 
-----------------------------------------------------------------------------------------------------------------------------------------
 PostgreSQL 19beta3 (Debian 19~beta3-1.pgdg12+1) on aarch64-unknown-linux-gnu, compiled by gcc (Debian 12.2.0-14+deb12u1) 12.2.0, 64-bit
(1 row)

SHOW wal_level;
 wal_level 
-----------
 logical
(1 row)

SHOW effective_wal_level;
 effective_wal_level 
---------------------
 logical
(1 row)

\h CREATE PUBLICATION
Command:     CREATE PUBLICATION
Description: define a new publication
Syntax:
CREATE PUBLICATION name
    [ FOR { publication_object [, ... ] | publication_all_object [, ... ] } ]
    [ WITH ( publication_parameter [= value] [, ... ] ) ]

where publication_object is one of:

    TABLE table_and_columns [, ... ]
    TABLES IN SCHEMA { schema_name | CURRENT_SCHEMA } [, ... ]

and publication_all_object is one of:

    ALL TABLES [ EXCEPT ( except_table_object [, ... ] ) ]
    ALL SEQUENCES

and table_and_columns is:

    table_object [ ( column_name [, ... ] ) ] [ WHERE ( expression ) ]

and except_table_object is:

    TABLE table_object [, ... ]

and table_object is:

   [ ONLY ] table_name [ * ]

URL: https://www.postgresql.org/docs/19/sql-createpublication.html

\h ALTER SUBSCRIPTION
Command:     ALTER SUBSCRIPTION
Description: change the definition of a subscription
Syntax:
ALTER SUBSCRIPTION name SERVER server_name
ALTER SUBSCRIPTION name CONNECTION 'conninfo'
ALTER SUBSCRIPTION name SET PUBLICATION publication_name [, ...] [ WITH ( publication_option [= value] [, ... ] ) ]
ALTER SUBSCRIPTION name ADD PUBLICATION publication_name [, ...] [ WITH ( publication_option [= value] [, ... ] ) ]
ALTER SUBSCRIPTION name DROP PUBLICATION publication_name [, ...] [ WITH ( publication_option [= value] [, ... ] ) ]
ALTER SUBSCRIPTION name REFRESH PUBLICATION [ WITH ( refresh_option [= value] [, ... ] ) ]
ALTER SUBSCRIPTION name REFRESH SEQUENCES
ALTER SUBSCRIPTION name ENABLE
ALTER SUBSCRIPTION name DISABLE
ALTER SUBSCRIPTION name SET ( subscription_parameter [= value] [, ... ] )
ALTER SUBSCRIPTION name SKIP ( skip_option = value )
ALTER SUBSCRIPTION name OWNER TO { new_owner | CURRENT_ROLE | CURRENT_USER | SESSION_USER }
ALTER SUBSCRIPTION name RENAME TO new_name

URL: https://www.postgresql.org/docs/19/sql-altersubscription.html

\h CREATE SUBSCRIPTION
Command:     CREATE SUBSCRIPTION
Description: define a new subscription
Syntax:
CREATE SUBSCRIPTION subscription_name
    { SERVER server_name | CONNECTION 'conninfo' }
    PUBLICATION publication_name [, ...]
    [ WITH ( subscription_parameter [= value] [, ... ] ) ]

URL: https://www.postgresql.org/docs/19/sql-createsubscription.html

\h WAIT
Command:     WAIT FOR
Description: wait for WAL to reach a target LSN
Syntax:
WAIT FOR LSN 'lsn'
    [ WITH ( option [, ...] ) ]

where option can be:

    MODE 'mode'
    TIMEOUT 'timeout'
    NO_THROW

and mode can be:

    standby_replay | standby_write | standby_flush | primary_flush

URL: https://www.postgresql.org/docs/19/sql-wait-for.html

