pg19b> SELECT pg_is_in_recovery()
 pg_is_in_recovery 
-------------------
 f
(1 row)

publisher LSN lower than the subscriber's own current LSN: t (values not shown)
pg19b> WAIT FOR LSN '0/0297B948' WITH (MODE 'standby_replay', TIMEOUT '500ms')
ERROR:  recovery is not in progress
HINT:  Waiting for the standby_replay LSN can only be executed during recovery.
pg19b> WAIT FOR LSN '0/0297B948' WITH (MODE 'standby_flush', TIMEOUT '500ms')
ERROR:  recovery is not in progress
HINT:  Waiting for the standby_flush LSN can only be executed during recovery.
pg19b> WAIT FOR LSN '0/0297B948' WITH (MODE 'primary_flush', TIMEOUT '500ms')
 status  
---------
 success
(1 row)

### the answer 'success' above only means: the SUBSCRIBER's own WAL passed that number. Not that it applied the publisher's changes.
pg19b> WAIT FOR LSN 'FFFF/0' WITH (MODE 'primary_flush', TIMEOUT '300ms')
ERROR:  timed out while waiting for target LSN FFFF/00000000 to be flushed; current primary_flush LSN 0/02DF44C0
pg19b> WAIT FOR LSN 'FFFF/0' WITH (MODE 'primary_flush', TIMEOUT '300ms', NO_THROW)
 status  
---------
 timeout
(1 row)

