== worker1 ==
-- @service: worker1 worker2 worker3
-- Step 1f. What each worker holds after the changes of step 1e.
SELECT customer_id, name, worker_id, plan_id FROM customers ORDER BY 1;
 customer_id |    name    | worker_id | plan_id 
-------------+------------+-----------+---------
           1 | customer-1 |         1 |       1
           2 | customer-2 |         1 |       2
          10 | new-for-w1 |         1 |       1
(3 rows)

SELECT unit_price FROM prices WHERE plan_id = 1 AND meter = 'api_calls';
 unit_price 
------------
     0.0090
(1 row)

-- customer 3 (moved w1 -> w2): DELETE arrived on worker1, INSERT arrived on worker2
SELECT count(*) AS has_customer_3 FROM customers WHERE customer_id = 3;
 has_customer_3 
----------------
              0
(1 row)

== worker2 ==
-- @service: worker1 worker2 worker3
-- Step 1f. What each worker holds after the changes of step 1e.
SELECT customer_id, name, worker_id, plan_id FROM customers ORDER BY 1;
 customer_id |    name    | worker_id | plan_id 
-------------+------------+-----------+---------
           3 | customer-3 |         2 |       3
           4 | customer-4 |         2 |       1
           5 | customer-5 |         2 |       2
           6 | customer-6 |         2 |       3
          11 | new-for-w2 |         2 |       2
(5 rows)

SELECT unit_price FROM prices WHERE plan_id = 1 AND meter = 'api_calls';
 unit_price 
------------
     0.0090
(1 row)

-- customer 3 (moved w1 -> w2): DELETE arrived on worker1, INSERT arrived on worker2
SELECT count(*) AS has_customer_3 FROM customers WHERE customer_id = 3;
 has_customer_3 
----------------
              1
(1 row)

== worker3 ==
-- @service: worker1 worker2 worker3
-- Step 1f. What each worker holds after the changes of step 1e.
SELECT customer_id, name, worker_id, plan_id FROM customers ORDER BY 1;
 customer_id |    name    | worker_id | plan_id 
-------------+------------+-----------+---------
           7 | customer-7 |         3 |       1
           8 | customer-8 |         3 |       2
           9 | customer-9 |         3 |       3
          12 | new-for-w3 |         3 |       3
(4 rows)

SELECT unit_price FROM prices WHERE plan_id = 1 AND meter = 'api_calls';
 unit_price 
------------
     0.0090
(1 row)

-- customer 3 (moved w1 -> w2): DELETE arrived on worker1, INSERT arrived on worker2
SELECT count(*) AS has_customer_3 FROM customers WHERE customer_id = 3;
 has_customer_3 
----------------
              0
(1 row)

