-- @service: hub
-- Step 2b. The hub receives every worker's events into ONE table partitioned by worker_id
-- (PG13+: a subscription can target a partitioned table; rows are routed to partitions).
CREATE TABLE usage_events (
  worker_id   int    NOT NULL,
  event_id    bigint NOT NULL,
  customer_id int    NOT NULL,
  meter       text   NOT NULL,
  qty         int    NOT NULL,
  PRIMARY KEY (worker_id, event_id)          -- must include the partition key
) PARTITION BY LIST (worker_id);
CREATE TABLE
CREATE TABLE usage_events_w1 PARTITION OF usage_events FOR VALUES IN (1);
CREATE TABLE
CREATE TABLE usage_events_w2 PARTITION OF usage_events FOR VALUES IN (2);
CREATE TABLE
CREATE TABLE usage_events_w3 PARTITION OF usage_events FOR VALUES IN (3);
CREATE TABLE
SELECT format($f$CREATE SUBSCRIPTION sub_usage_w%1$s
  CONNECTION 'host=worker%1$s dbname=app user=postgres' PUBLICATION pub_usage$f$, n)
FROM generate_series(1, 3) n \gexec
CREATE SUBSCRIPTION sub_usage_w1
  CONNECTION 'host=worker1 dbname=app user=postgres' PUBLICATION pub_usage
psql:<stdin>:18: NOTICE:  created replication slot "sub_usage_w1" on publisher
CREATE SUBSCRIPTION
CREATE SUBSCRIPTION sub_usage_w2
  CONNECTION 'host=worker2 dbname=app user=postgres' PUBLICATION pub_usage
psql:<stdin>:18: NOTICE:  created replication slot "sub_usage_w2" on publisher
CREATE SUBSCRIPTION
CREATE SUBSCRIPTION sub_usage_w3
  CONNECTION 'host=worker3 dbname=app user=postgres' PUBLICATION pub_usage
psql:<stdin>:18: NOTICE:  created replication slot "sub_usage_w3" on publisher
CREATE SUBSCRIPTION
-- initial copy: 6 + 10 + 8 events from the three workers (worker3 has 4 customers, w2 has 5, w1 has 3)
SELECT lr.wait_for($$SELECT count(*) = 24 FROM usage_events$$);
 wait_for 
----------
 t
(1 row)

-- rows were routed to partitions
SELECT tableoid::regclass AS partition, count(*) FROM usage_events GROUP BY 1 ORDER BY 1;
    partition    | count 
-----------------+-------
 usage_events_w1 |     6
 usage_events_w2 |    10
 usage_events_w3 |     8
(3 rows)

-- same event_id on different workers, no collision
SELECT worker_id, event_id, customer_id, meter FROM usage_events WHERE event_id = 1 ORDER BY 1;
 worker_id | event_id | customer_id |   meter   
-----------+----------+-------------+-----------
         1 |        1 |           1 | api_calls
         2 |        1 |           3 | api_calls
         3 |        1 |           7 | api_calls
(3 rows)

-- The invoicing query: usage from all workers x reference data owned by the hub.
SELECT c.name, c.worker_id AS home_worker, u.meter, sum(u.qty) AS qty,
       sum(u.qty * p.unit_price) AS amount
FROM usage_events u
JOIN customers c USING (customer_id)
JOIN prices p ON p.plan_id = c.plan_id AND p.meter = u.meter
GROUP BY c.customer_id, c.name, c.worker_id, u.meter
ORDER BY c.customer_id, u.meter;
    name    | home_worker |   meter    | qty | amount  
------------+-------------+------------+-----+---------
 customer-1 |           1 | api_calls  |  10 |  0.0900
 customer-1 |           1 | storage_gb |  10 |  5.0000
 customer-2 |           1 | api_calls  |  20 |  0.1600
 customer-2 |           1 | storage_gb |  20 |  8.0000
 customer-3 |           2 | api_calls  |  30 |  0.1500
 customer-3 |           2 | storage_gb |  30 |  7.5000
 customer-4 |           2 | api_calls  |  40 |  0.3600
 customer-4 |           2 | storage_gb |  40 | 20.0000
 customer-5 |           2 | api_calls  |  50 |  0.4000
 customer-5 |           2 | storage_gb |  50 | 20.0000
 customer-6 |           2 | api_calls  |  60 |  0.3000
 customer-6 |           2 | storage_gb |  60 | 15.0000
 customer-7 |           3 | api_calls  |  70 |  0.6300
 customer-7 |           3 | storage_gb |  70 | 35.0000
 customer-8 |           3 | api_calls  |  80 |  0.6400
 customer-8 |           3 | storage_gb |  80 | 32.0000
 customer-9 |           3 | api_calls  |  90 |  0.4500
 customer-9 |           3 | storage_gb |  90 | 22.5000
 new-for-w1 |           1 | api_calls  | 100 |  0.9000
 new-for-w1 |           1 | storage_gb | 100 | 50.0000
 new-for-w2 |           2 | api_calls  | 110 |  0.8800
 new-for-w2 |           2 | storage_gb | 110 | 44.0000
 new-for-w3 |           3 | api_calls  | 120 |  0.6000
 new-for-w3 |           3 | storage_gb | 120 | 30.0000
(24 rows)

SELECT worker_id, count(*) AS events, sum(qty) AS total_qty FROM usage_events GROUP BY 1 ORDER BY 1;
 worker_id | events | total_qty 
-----------+--------+-----------
         1 |      6 |       260
         2 |     10 |       580
         3 |      8 |       720
(3 rows)

