-- @service: hub
-- Step 5b. The one case that needs origin = none: the SAME table replicated both ways.
-- Two-node test, hub <-> worker1, driven from the hub (worker1 side through dblink).
-- Three rounds: origin = any (default) without and with a primary key, then origin = none.
CREATE TABLE settings_nopk (v text);
CREATE TABLE
CREATE TABLE settings_pk (k text PRIMARY KEY, v text);
CREATE TABLE
CREATE PUBLICATION pub_set FOR TABLE settings_nopk, settings_pk;
CREATE PUBLICATION
SELECT lr.on('worker1', 'CREATE TABLE settings_nopk (v text)');
      on      
--------------
 CREATE TABLE
(1 row)

SELECT lr.on('worker1', 'CREATE TABLE settings_pk (k text PRIMARY KEY, v text)');
      on      
--------------
 CREATE TABLE
(1 row)

SELECT lr.on('worker1', 'CREATE PUBLICATION pub_set FOR TABLE settings_nopk, settings_pk');
         on         
--------------------
 CREATE PUBLICATION
(1 row)

-- Round 1: origin = any, table without primary key. Insert ONE row on the hub.
CREATE SUBSCRIPTION sub_set_from_w1 CONNECTION 'host=worker1 dbname=app user=postgres'
  PUBLICATION pub_set WITH (copy_data = false);
psql:<stdin>:14: NOTICE:  created replication slot "sub_set_from_w1" on publisher
CREATE SUBSCRIPTION
SELECT lr.on('worker1', $$CREATE SUBSCRIPTION sub_set_from_hub CONNECTION 'host=hub dbname=app user=postgres'
  PUBLICATION pub_set WITH (copy_data = false)$$);
         on          
---------------------
 CREATE SUBSCRIPTION
(1 row)

SELECT subname, suborigin FROM pg_subscription WHERE subname = 'sub_set_from_w1';
     subname     | suborigin 
-----------------+-----------
 sub_set_from_w1 | any
(1 row)

INSERT INTO settings_nopk VALUES ('one row, inserted once');
INSERT 0 1
SELECT lr.wait_for($$SELECT count(*) >= 10 FROM settings_nopk$$);
 wait_for 
----------
 t
(1 row)

-- the row is bouncing between the two nodes forever: stop it
ALTER SUBSCRIPTION sub_set_from_w1 DISABLE;
ALTER SUBSCRIPTION
SELECT lr.on('worker1', 'ALTER SUBSCRIPTION sub_set_from_hub DISABLE');
         on         
--------------------
 ALTER SUBSCRIPTION
(1 row)

SELECT count(*) > 1 AS ping_pong_multiplied_the_row FROM settings_nopk;
 ping_pong_multiplied_the_row 
------------------------------
 t
(1 row)

SELECT lr.wait_for($$SELECT NOT active FROM dblink(lr.conn('worker1'), $q$SELECT active FROM pg_replication_slots
  WHERE slot_name = 'sub_set_from_w1'$q$) t(active bool)$$);
 wait_for 
----------
 t
(1 row)

SELECT lr.wait_for($$SELECT NOT active FROM pg_replication_slots WHERE slot_name = 'sub_set_from_hub'$$);
 wait_for 
----------
 t
(1 row)

DROP SUBSCRIPTION sub_set_from_w1;
psql:<stdin>:27: NOTICE:  dropped replication slot "sub_set_from_w1" on publisher
DROP SUBSCRIPTION
SELECT lr.on('worker1', 'DROP SUBSCRIPTION sub_set_from_hub');
        on         
-------------------
 DROP SUBSCRIPTION
(1 row)

TRUNCATE settings_nopk;
TRUNCATE TABLE
SELECT lr.on('worker1', 'TRUNCATE settings_nopk');
       on       
----------------
 TRUNCATE TABLE
(1 row)

-- Round 2: origin = any, table WITH a primary key: the boomerang row collides with itself.
CREATE SUBSCRIPTION sub_set_from_w1 CONNECTION 'host=worker1 dbname=app user=postgres'
  PUBLICATION pub_set WITH (copy_data = false);
psql:<stdin>:34: NOTICE:  created replication slot "sub_set_from_w1" on publisher
CREATE SUBSCRIPTION
SELECT lr.on('worker1', $$CREATE SUBSCRIPTION sub_set_from_hub CONNECTION 'host=hub dbname=app user=postgres'
  PUBLICATION pub_set WITH (copy_data = false)$$);
         on          
---------------------
 CREATE SUBSCRIPTION
(1 row)

INSERT INTO settings_pk VALUES ('currency', 'EUR');
INSERT 0 1
SELECT lr.wait_for($$SELECT apply_error_count >= 1 FROM pg_stat_subscription_stats WHERE subname = 'sub_set_from_w1'$$);
 wait_for 
----------
 t
(1 row)

SELECT subname, apply_error_count >= 1 AS erroring, confl_insert_exists >= 1 AS insert_exists
FROM pg_stat_subscription_stats WHERE subname = 'sub_set_from_w1';
     subname     | erroring | insert_exists 
-----------------+----------+---------------
 sub_set_from_w1 | t        | t
(1 row)

SELECT DISTINCT lr.norm(l) AS log_line FROM lr.log_lines('settings_pk') l ORDER BY 1;
                                                                                       log_line                                                                                        
---------------------------------------------------------------------------------------------------------------------------------------------------------------------------------------
 [] CONTEXT:  processing remote data for replication origin pg_OID during message type "INSERT" for replication target relation "public.settings_pk" in transaction N, finished at X/X
 [] DETAIL:  Key already exists in unique index "settings_pk_pkey", modified locally in transaction N at TS.
 [] ERROR:  conflict detected on relation "public.settings_pk": conflict=insert_exists
(3 rows)

ALTER SUBSCRIPTION sub_set_from_w1 DISABLE;
ALTER SUBSCRIPTION
SELECT lr.on('worker1', 'ALTER SUBSCRIPTION sub_set_from_hub DISABLE');
         on         
--------------------
 ALTER SUBSCRIPTION
(1 row)

SELECT lr.wait_for($$SELECT NOT active FROM dblink(lr.conn('worker1'), $q$SELECT active FROM pg_replication_slots
  WHERE slot_name = 'sub_set_from_w1'$q$) t(active bool)$$);
 wait_for 
----------
 t
(1 row)

SELECT lr.wait_for($$SELECT NOT active FROM pg_replication_slots WHERE slot_name = 'sub_set_from_hub'$$);
 wait_for 
----------
 t
(1 row)

DROP SUBSCRIPTION sub_set_from_w1;
psql:<stdin>:47: NOTICE:  dropped replication slot "sub_set_from_w1" on publisher
DROP SUBSCRIPTION
SELECT lr.on('worker1', 'DROP SUBSCRIPTION sub_set_from_hub');
        on         
-------------------
 DROP SUBSCRIPTION
(1 row)

TRUNCATE settings_pk, settings_nopk;
TRUNCATE TABLE
SELECT lr.on('worker1', 'TRUNCATE settings_pk, settings_nopk');
       on       
----------------
 TRUNCATE TABLE
(1 row)

-- Round 3: origin = none. Only changes that originated locally are sent.
CREATE SUBSCRIPTION sub_set_from_w1 CONNECTION 'host=worker1 dbname=app user=postgres'
  PUBLICATION pub_set WITH (copy_data = false, origin = none);
psql:<stdin>:54: NOTICE:  created replication slot "sub_set_from_w1" on publisher
CREATE SUBSCRIPTION
SELECT lr.on('worker1', $$CREATE SUBSCRIPTION sub_set_from_hub CONNECTION 'host=hub dbname=app user=postgres'
  PUBLICATION pub_set WITH (copy_data = false, origin = none)$$);
         on          
---------------------
 CREATE SUBSCRIPTION
(1 row)

SELECT subname, suborigin FROM pg_subscription WHERE subname = 'sub_set_from_w1';
     subname     | suborigin 
-----------------+-----------
 sub_set_from_w1 | none
(1 row)

INSERT INTO settings_nopk VALUES ('from hub');
INSERT 0 1
INSERT INTO settings_pk VALUES ('timezone', 'UTC');
INSERT 0 1
SELECT lr.on('worker1', $$INSERT INTO settings_nopk VALUES ('from worker1')$$);
     on     
------------
 INSERT 0 1
(1 row)

SELECT lr.on('worker1', $$INSERT INTO settings_pk VALUES ('locale', 'fr_FR')$$);
     on     
------------
 INSERT 0 1
(1 row)

SELECT lr.wait_for($$SELECT (SELECT count(*) FROM settings_nopk) = 2 AND (SELECT count(*) FROM settings_pk) = 2$$);
 wait_for 
----------
 t
(1 row)

SELECT lr.wait_caught_up();
 wait_caught_up 
----------------
 t
(1 row)

SELECT lr.wait_for($$SELECT c = 2 FROM dblink(lr.conn('worker1'), 'SELECT count(*) FROM settings_nopk') t(c bigint)$$);
 wait_for 
----------
 t
(1 row)

SELECT 'hub' AS node, (SELECT count(*) FROM settings_nopk) AS nopk_rows, (SELECT count(*) FROM settings_pk) AS pk_rows
UNION ALL
SELECT 'worker1', a, b FROM dblink(lr.conn('worker1'), $$SELECT (SELECT count(*) FROM settings_nopk), (SELECT count(*) FROM settings_pk)$$) t(a bigint, b bigint);
  node   | nopk_rows | pk_rows 
---------+-----------+---------
 hub     |         2 |       2
 worker1 |         2 |       2
(2 rows)

SELECT subname, apply_error_count FROM pg_stat_subscription_stats WHERE subname = 'sub_set_from_w1';
     subname     | apply_error_count 
-----------------+-------------------
 sub_set_from_w1 |                 0
(1 row)

