-- @service: pghub
-- Step 7a (pglogical 2.4.8 on PostgreSQL 14). Hub: node, reference tables, one replication set
-- per worker holding the tables with a row_filter and a column list.
CREATE EXTENSION pglogical;
CREATE EXTENSION
SELECT pglogical.create_node(node_name := 'hub', dsn := 'host=pghub dbname=app user=postgres');
 create_node 
-------------
  2170291304
(1 row)

CREATE TABLE plans (plan_id int PRIMARY KEY, name text NOT NULL);
CREATE TABLE
CREATE TABLE prices (plan_id int REFERENCES plans, meter text, unit_price numeric(10,4) NOT NULL, PRIMARY KEY (plan_id, meter));
CREATE TABLE
CREATE TABLE customers (
  customer_id   int GENERATED BY DEFAULT AS IDENTITY PRIMARY KEY,
  name          text NOT NULL,
  worker_id     int NOT NULL,
  plan_id       int NOT NULL REFERENCES plans,
  billing_notes text
);
CREATE TABLE
INSERT INTO plans VALUES (1, 'basic'), (2, 'pro'), (3, 'enterprise');
INSERT 0 3
INSERT INTO prices VALUES (1, 'api_calls', 0.0100), (1, 'storage_gb', 0.5000),
  (2, 'api_calls', 0.0080), (2, 'storage_gb', 0.4000), (3, 'api_calls', 0.0050), (3, 'storage_gb', 0.2500);
INSERT 0 6
INSERT INTO customers (name, worker_id, plan_id, billing_notes)
SELECT 'customer-' || n, (n - 1) / 3 + 1, (n - 1) % 3 + 1, 'secret ' || n FROM generate_series(1, 6) n;
INSERT 0 6
-- one replication set per worker; the filter and the columns live on the set membership
SELECT pglogical.create_replication_set('ref_w' || n) FROM generate_series(1, 2) n;
 create_replication_set 
------------------------
             1971856048
             2656805207
(2 rows)

SELECT pglogical.replication_set_add_table('ref_w' || n, 'plans') FROM generate_series(1, 2) n;
 replication_set_add_table 
---------------------------
 t
 t
(2 rows)

SELECT pglogical.replication_set_add_table('ref_w' || n, 'prices') FROM generate_series(1, 2) n;
 replication_set_add_table 
---------------------------
 t
 t
(2 rows)

SELECT pglogical.replication_set_add_table(
         set_name := 'ref_w' || n, relation := 'customers', synchronize_data := false,
         columns := ARRAY['customer_id', 'name', 'worker_id', 'plan_id'],
         row_filter := 'worker_id = ' || n)
FROM generate_series(1, 2) n;
 replication_set_add_table 
---------------------------
 t
 t
(2 rows)

SELECT s.set_name, t.set_reloid::regclass AS tbl, t.set_att_list, t.set_row_filter
FROM pglogical.replication_set_table t JOIN pglogical.replication_set s USING (set_id)
WHERE t.set_reloid = 'customers'::regclass ORDER BY 1;
 set_name |    tbl    |             set_att_list             |                                                                                                                                                                                       set_row_filter                                                                                                                                                                                        
----------+-----------+--------------------------------------+---------------------------------------------------------------------------------------------------------------------------------------------------------------------------------------------------------------------------------------------------------------------------------------------------------------------------------------------------------------------------------------------
 ref_w1   | customers | {customer_id,name,worker_id,plan_id} | {OPEXPR :opno 96 :opfuncid 65 :opresulttype 16 :opretset false :opcollid 0 :inputcollid 0 :args ({VAR :varno 1 :varattno 3 :vartype 23 :vartypmod -1 :varcollid 0 :varlevelsup 0 :varnosyn 1 :varattnosyn 3 :location 7} {CONST :consttype 23 :consttypmod -1 :constcollid 0 :constlen 4 :constbyval true :constisnull false :location 19 :constvalue 4 [ 1 0 0 0 0 0 0 0 ]}) :location 17}
 ref_w2   | customers | {customer_id,name,worker_id,plan_id} | {OPEXPR :opno 96 :opfuncid 65 :opresulttype 16 :opretset false :opcollid 0 :inputcollid 0 :args ({VAR :varno 1 :varattno 3 :vartype 23 :vartypmod -1 :varcollid 0 :varlevelsup 0 :varnosyn 1 :varattnosyn 3 :location 7} {CONST :consttype 23 :consttypmod -1 :constcollid 0 :constlen 4 :constbyval true :constisnull false :location 19 :constvalue 4 [ 2 0 0 0 0 0 0 0 ]}) :location 17}
(2 rows)

