-- @service: pghub
-- Step 7e. Conflict resolution. pglogical.conflict_resolution = last_update_wins (server setting,
-- needs track_commit_timestamp = on). Same key written on both sides.
SHOW pglogical.conflict_resolution;
 pglogical.conflict_resolution 
-------------------------------
 last_update_wins
(1 row)

SHOW track_commit_timestamp;
 track_commit_timestamp 
------------------------
 on
(1 row)

-- Case A: the hub writes key (1, 9001) first, worker1 writes the same key later.
INSERT INTO usage_events VALUES (1, 9001, 1, 'conflict-A', 1);
INSERT 0 1
SELECT lr.on('pgw1', $$INSERT INTO usage_events_w1 VALUES (1, 9001, 1, 'conflict-A', 2)$$);
     on     
------------
 INSERT 0 1
(1 row)

SELECT lr.wait_for($$SELECT qty = 2 FROM usage_events WHERE worker_id = 1 AND event_id = 9001$$);
 wait_for 
----------
 t
(1 row)

SELECT 'hub' AS node, meter, qty FROM usage_events WHERE event_id = 9001;   -- the later write (remote) won
 node |   meter    | qty 
------+------------+-----
 hub  | conflict-A |   2
(1 row)

-- Case B: worker1 writes key (1, 9002) first while the subscription is disabled, then the
-- hub writes it (later), then the subscription is enabled: the local row is the newer one.
SELECT pglogical.alter_subscription_disable('sub_usage_w1', immediate := true);
 alter_subscription_disable 
----------------------------
 t
(1 row)

SELECT lr.on('pgw1', $$INSERT INTO usage_events_w1 VALUES (1, 9002, 1, 'conflict-B', 1)$$);
     on     
------------
 INSERT 0 1
(1 row)

INSERT INTO usage_events VALUES (1, 9002, 1, 'conflict-B', 2);
INSERT 0 1
SELECT pglogical.alter_subscription_enable('sub_usage_w1', immediate := true);
 alter_subscription_enable 
---------------------------
 t
(1 row)

SELECT lr.on('pgw1', $$INSERT INTO usage_events_w1 VALUES (1, 9003, 1, 'marker', 1)$$);   -- arrives after the conflict
     on     
------------
 INSERT 0 1
(1 row)

SELECT lr.wait_for($$SELECT count(*) = 1 FROM usage_events WHERE event_id = 9003$$);
 wait_for 
----------
 t
(1 row)

SELECT 'hub' AS node, qty FROM usage_events WHERE event_id = 9002
UNION ALL
SELECT 'worker1', qty FROM dblink(lr.conn('pgw1'), 'SELECT qty FROM usage_events_w1 WHERE event_id = 9002') t(qty int);
  node   | qty 
---------+-----
 hub     |   2
 worker1 |   1
(2 rows)

-- What the log says
SELECT DISTINCT lr.norm(l) AS log_line FROM lr.log_lines('CONFLICT') l ORDER BY 1;
                                                                        log_line                                                                         
---------------------------------------------------------------------------------------------------------------------------------------------------------
 [pglogical apply DB:SUB] LOG:  CONFLICT: remote INSERT on relation public.usage_events_w1 (local index usage_events_w1_pkey). Resolution: apply_remote.
 [pglogical apply DB:SUB] LOG:  CONFLICT: remote INSERT on relation public.usage_events_w1 (local index usage_events_w1_pkey). Resolution: keep_local.
(2 rows)

