                        QUERY PLAN                        
----------------------------------------------------------
 HashAggregate
   Group Key: drivers.surname
   ->  Hash Join
         Hash Cond: (results.driverid = drivers.driverid)
         ->  Hash Join
               Hash Cond: (results.raceid = races.raceid)
               ->  Seq Scan on results
               ->  Hash
                     ->  Seq Scan on races
                           Filter: (year = 2017)
         ->  Hash
               ->  Seq Scan on drivers
 Generated Plan Advice:
   JOIN_ORDER(results races drivers)
   HASH_JOIN(races drivers)
   SEQ_SCAN(results races drivers)
   NO_GATHER(results races drivers)
(17 rows)

