RESET
SET
SET
                              QUERY PLAN                               
-----------------------------------------------------------------------
 Finalize GroupAggregate
   Group Key: drivers.surname
   ->  Sort
         Sort Key: drivers.surname
         ->  Nested Loop
               ->  Nested Loop
                     Disabled: true
                     ->  Partial HashAggregate
                           Group Key: results.raceid, results.driverid
                           ->  Seq Scan on results
                     ->  Index Scan using idx_49556_primary on races
                           Index Cond: (raceid = results.raceid)
                           Filter: (year = 2017)
               ->  Index Scan using idx_49514_primary on drivers
                     Index Cond: (driverid = results.driverid)
 Supplied Plan Advice:
   JOIN_ORDER(results races drivers) /* matched */
   HASH_JOIN(races) /* matched, failed */
(18 rows)

