CREATE EXTENSION
  surname   | races 
------------+-------
 Alonso     |    10
 Bottas     |    11
 Button     |     1
 di Resta   |     1
 Ericsson   |    11
 Giovinazzi |     2
 Grosjean   |    11
 Hamilton   |    11
 Hülkenberg |    11
 Kvyat      |    11
 Magnussen  |    11
 Massa      |    10
 Ocon       |    11
 Palmer     |    11
 Pérez      |    11
 Räikkönen  |    11
 Ricciardo  |    11
 Sainz      |    11
 Stroll     |    11
 Vandoorne  |    11
 Verstappen |    11
 Vettel     |    11
 Wehrlein   |     9
(23 rows)

       queryid        
----------------------
 -5243066567089054587
(1 row)

CREATE EXTENSION
 pg_create_advice_stash 
------------------------
 
(1 row)

 pg_set_stashed_advice 
-----------------------
 
(1 row)

 stash_name |       query_id       |           advice_string           
------------+----------------------+-----------------------------------
 production | -5243066567089054587 | JOIN_ORDER(drivers results races)
(1 row)

