SET
                                 QUERY PLAN                                  
-----------------------------------------------------------------------------
 Finalize GroupAggregate
   Group Key: drivers.surname
   ->  Sort
         Sort Key: drivers.surname
         ->  Hash Join
               Hash Cond: (results.raceid = races.raceid)
               ->  Hash Join
                     Hash Cond: (drivers.driverid = results.driverid)
                     ->  Seq Scan on drivers
                     ->  Hash
                           ->  Partial HashAggregate
                                 Group Key: results.raceid, results.driverid
                                 ->  Seq Scan on results
               ->  Hash
                     ->  Seq Scan on races
                           Filter: (year = 2017)
 Supplied Plan Advice:
   JOIN_ORDER(drivers results races) /* matched */
(18 rows)

