pg_dump (PostgreSQL) 18.6 (Debian 18.6-1.pgdg13+2)
pg_dumpall (PostgreSQL) 18.6 (Debian 18.6-1.pgdg13+2)

### roles: pg_dumpall --roles-only (old) piped into new, errors NOT hidden
ERROR:  role "postgres" already exists

### roles now on new
new> SELECT rolname, rolcanlogin, rolreplication, rolsuper FROM pg_roles WHERE rolname !~ '^pg_' ORDER BY 1
  rolname  | rolcanlogin | rolreplication | rolsuper 
-----------+-------------+----------------+----------
 app       | t           | f              | f
 postgres  | t           | t              | t
 repl      | t           | t              | f
 reporting | t           | f              | f
(4 rows)

new> SELECT r.rolname AS role, m.rolname AS member_of FROM pg_auth_members a JOIN pg_roles r ON r.oid = a.member JOIN pg_roles m ON m.oid = a.roleid WHERE r.rolname = 'repl'
 role |    member_of     
------+------------------
 repl | pg_read_all_data
(1 row)


### database + schema-only restore
new> CREATE DATABASE app OWNER app
CREATE DATABASE
 set_config 
------------
 
(1 row)

restore exit status: 0

### what arrived
new> SELECT c.relname, c.relkind, c.relreplident, c.relispopulated FROM pg_class c JOIN pg_namespace n ON n.oid = c.relnamespace WHERE n.nspname = 'public' AND c.relkind IN ('r','p','m','S') ORDER BY c.relkind, 1
       relname       | relkind | relreplident | relispopulated 
---------------------+---------+--------------+----------------
 customers_id_seq    | S       | n            | t
 invoice_no          | S       | n            | t
 measurements_id_seq | S       | n            | t
 orders_id_seq       | S       | n            | t
 sales_by_day        | m       | d            | f
 measurements        | p       | d            | t
 audit_log           | r       | f            | t
 counters            | r       | d            | t
 customers           | r       | d            | t
 cutover_markers     | r       | d            | t
 documents           | r       | d            | t
 measurements_2026   | r       | d            | t
 measurements_other  | r       | d            | t
 orders              | r       | d            | t
(14 rows)

new> SELECT pubname, puballtables FROM pg_publication
 pubname | puballtables 
---------+--------------
 app_pub | t
(1 row)

new> SELECT count(*) AS rows_in_orders FROM orders
 rows_in_orders 
----------------
              0
(1 row)

new> SELECT * FROM sales_by_day
ERROR:  materialized view "sales_by_day" has not been populated
HINT:  Use the REFRESH MATERIALIZED VIEW command.
