[time] +34 ms new frozen, 0 app sessions terminated
[time] +101 ms old caught up (marker row visible: 99)
[time] at that moment: remote_lsn >= t1(after freeze): 100 | remote_lsn >= t2(after marker): 100 | latest_end_lsn >= t1: 101
caught up: yes
[time] +155 ms old unfrozen, sequences copied back (4 statements)
[time] +156 ms app switched back to old

### what the application saw
last committed write on new : 1790012228634 ms
first committed write on old: 1790012228813 ms
WRITE STALL new -> old: 179 ms
failed attempts inside the window: 4 (of 5 logged attempts, incl. the first success)
for scale: median gap between two commits 18 ms, p99 25 ms, over 3632 commits

### old is writable again and both directions still work
old> SHOW default_transaction_read_only
 default_transaction_read_only 
-------------------------------
 off
(1 row)

old> SELECT subname, apply_error_count FROM pg_stat_subscription_stats
 subname | apply_error_count 
---------+-------------------
 app_rev |                 0
(1 row)

