### old
   1 ERROR:  cannot delete from table "audit_log" because it does not have a replica identity and publishes deletes
   4 ERROR:  cannot execute INSERT in a read-only transaction
   1 ERROR:  cannot update table "audit_log" because it does not have a replica identity and publishes updates
   2 ERROR:  duplicate key value violates unique constraint "t_pkey"
   1 ERROR:  syntax error at or near "WAIT" at character 1
   1 FATAL:  terminating logical replication worker due to administrator command
   1 LOG:  background worker "logical replication launcher" (PID N) exited with exit code 1
   3 LOG:  background worker "logical replication worker" (PID N) exited with exit code 1
### new
   2 CONTEXT:  processing remote data for replication origin "pg_OID" during message type "INSERT" in transaction N, finished at LSN
   4 ERROR:  cannot execute INSERT in a read-only transaction
   1 ERROR:  duplicate key value violates unique constraint "orders_pkey"
   1 ERROR:  large object 16461 does not exist
   1 ERROR:  logical replication target relation "public.customers" is missing replicated column: "note"
   1 ERROR:  logical replication target relation "public.late_table" does not exist
   1 ERROR:  password is required
   1 ERROR:  permission denied for database scratch
   2 ERROR:  role "migrator" cannot SET ROLE to "postgres"
   1 ERROR:  syntax error at or near "WAIT" at character 1
   1 FATAL:  terminating logical replication worker due to administrator command
   3 LOG:  background worker "logical replication apply worker" (PID N) exited with exit code 1
   1 LOG:  background worker "logical replication launcher" (PID N) exited with exit code 1
   2 LOG:  background worker "logical replication tablesync worker" (PID N) exited with exit code 1
