### 1. initdb of the new cluster with the 18 defaults, then pg_upgrade --check
Performing Consistency Checks
-----------------------------
Checking cluster versions                                     ok

old cluster does not use data checksums but the new one does
Failure, exiting
[pg_upgrade --check exit status: 1]

### 2. PG 18 turns data checksums on by default, 17 did not: re-create the target without

### 3. writes on the publisher while the subscriber is down
[5441]> SELECT slot_name, active, confirmed_flush_lsn IS NOT NULL AS flushed FROM pg_replication_slots
 slot_name | active | flushed 
-----------+--------+---------
 sub       | f      | t
(1 row)


### 4. pg_upgrade --link (subscriber)
Checking for valid logical replication slots                  ok
Checking for subscription state                               ok
Checking for new cluster configuration for subscriptions      ok
Performing Upgrade
Upgrade Complete
Some statistics are not transferred by pg_upgrade.
[pg_upgrade exit status: 0]
[start the new cluster with logical replication workers disabled, to look before anything runs]

### 5. what survived on the new subscriber (workers held back)
[5442]> SELECT version()
                                                         version                                                          
--------------------------------------------------------------------------------------------------------------------------
 PostgreSQL 18.6 (Debian 18.6-1.pgdg13+2) on aarch64-unknown-linux-gnu, compiled by gcc (Debian 14.2.0-19) 14.2.0, 64-bit
(1 row)

[5442]> SELECT subname, subenabled, subslotname, suborigin FROM pg_subscription
 subname | subenabled | subslotname | suborigin 
---------+------------+-------------+-----------
 sub     | t          | sub         | any
(1 row)

[5442]> SELECT srrelid::regclass, srsubstate FROM pg_subscription_rel ORDER BY srrelid::regclass::text
 srrelid | srsubstate 
---------+------------
 gap     | r
 items   | r
(2 rows)

[5442]> SELECT external_id, remote_lsn IS NOT NULL AS has_remote_lsn FROM pg_replication_origin_status ORDER BY 1
 external_id | has_remote_lsn 
-------------+----------------
 pg_16404    | t
(1 row)

[5442]> SELECT count(*) AS rows_before_restart FROM items
 rows_before_restart 
---------------------
                1000
(1 row)


### 6. restart normally: nothing to enable, the subscription resumes from its saved position
[5442]> SELECT count(*) AS rows_after_restart FROM items
 rows_after_restart 
--------------------
               1500
(1 row)

[5441]> SELECT slot_name, active FROM pg_replication_slots
 slot_name | active 
-----------+--------
 sub       | t
(1 row)

[5442]> SELECT count(*) AS rows_final, max(v) FILTER (WHERE v LIKE 'after%') AS last_row FROM items
 rows_final |         last_row         
------------+--------------------------
       1501 | after subscriber upgrade
(1 row)

