### pg19b (subscriber)
   5 LOG:  logical replication sequence synchronization worker for subscription "sub_all" has started
   5 LOG:  logical replication sequence synchronization worker for subscription "sub_all" has finished
   2 DETAIL:  Could not find the row to be updated: remote row (1, 11), replica identity (id)=(1).
   1 LOG:  logical replication worker for subscription "s_srv" will stop because the subscription was disabled
   1 LOG:  logical replication worker for subscription "s_rdt" will stop because the subscription was disabled
   1 LOG:  logical replication worker for subscription "s_plain" will stop because the subscription was disabled
   1 LOG:  conflict detected on relation "public.acct_plain": conflict=update_missing
   1 LOG:  conflict detected on relation "public.acct": conflict=update_deleted
   1 	The row to be updated was deleted locally in transaction N
### pg19c (wal_level = replica)
   1 LOG:  logical decoding is enabled upon creating a new logical replication slot
   1 LOG:  logical decoding is disabled because there are no valid logical replication slots
   1 LOG:  logical decoding is enabled upon creating a new logical replication slot
   1 LOG:  logical decoding found consistent point at 0/01C305C0
   1 LOG:  starting logical decoding for slot "s_wal"
   1 LOG:  logical decoding found consistent point at 0/01C305C0
   1 LOG:  logical decoding found consistent point at 0/01C305F8
   1 LOG:  starting logical decoding for slot "pg_16465_sync_16459_7688044204116774955"
   1 LOG:  logical decoding found consistent point at 0/01C305F8
   1 LOG:  logical decoding is disabled because there are no valid logical replication slots
