--- warehouse.public.customers (only the first source made it):
 id |     name     | city  
----+--------------+-------
  1 | Alice (shop) | Paris
  2 | Bob (shop)   | Lyon
(2 rows)

--- sub_naming_crm table states (d = data copy, retrying forever):
    rel    | srsubstate 
-----------+------------
 customers | d
 contacts  | d
(2 rows)

--- server log:
CONTEXT:  COPY customers, line 1
DETAIL:  Key (id)=(1) already exists.
ERROR:  duplicate key value violates unique constraint "customers_pkey"
ERROR:  logical replication target relation "public.contacts" is missing replicated column: "company"
--- error counters:
     subname     | apply_error_count | has_sync_errors 
-----------------+-------------------+-----------------
 sub_naming_crm  |                 0 | t
 sub_naming_shop |                 0 | f
(2 rows)

