-- @service: warehouse
-- @nosync
-- Layout (a): one schema per source app, distinct names at the source, all in
-- database "warehouse". One subscription (and one owner role) per source.
create role sub_shop    login password 'x' in role pg_create_subscription;
CREATE ROLE
create role sub_crm     login password 'x' in role pg_create_subscription;
CREATE ROLE
create role sub_billing login password 'x' in role pg_create_subscription;
CREATE ROLE
grant create on database warehouse to sub_shop, sub_crm, sub_billing;
GRANT
create schema shop authorization sub_shop;
CREATE SCHEMA
create schema crm authorization sub_crm;
CREATE SCHEMA
create schema billing authorization sub_billing;
CREATE SCHEMA
create table shop.orders (id serial primary key, customer_id int not null, amount numeric(10,2) not null, status text not null, tenant text not null);
CREATE TABLE
create table crm.accounts (id int primary key, name text not null, tier text not null);
CREATE TABLE
create table crm.contacts (id int primary key, account_id int not null, name text not null, email text);
CREATE TABLE
create table billing.invoices (id serial primary key, account_id int not null, amount numeric(10,2) not null, status text not null);
CREATE TABLE
create table billing.payments (id serial primary key, invoice_id int not null, amount numeric(10,2) not null);
CREATE TABLE
alter table shop.orders owner to sub_shop;
ALTER TABLE
alter table crm.accounts owner to sub_crm;
ALTER TABLE
alter table crm.contacts owner to sub_crm;
ALTER TABLE
alter table billing.invoices owner to sub_billing;
ALTER TABLE
alter table billing.payments owner to sub_billing;
ALTER TABLE
set role sub_shop;
SET
create subscription sub_shop connection 'host=shop dbname=shop user=repl password=repl' publication pub_shop;
NOTICE:  created replication slot "sub_shop" on publisher
CREATE SUBSCRIPTION
set role sub_crm;
SET
create subscription sub_crm connection 'host=crm dbname=crm user=repl password=repl' publication pub_crm;
NOTICE:  created replication slot "sub_crm" on publisher
CREATE SUBSCRIPTION
set role sub_billing;
SET
create subscription sub_billing connection 'host=billing dbname=billing user=repl password=repl' publication pub_billing;
NOTICE:  created replication slot "sub_billing" on publisher
CREATE SUBSCRIPTION
reset role;
RESET
