-- @service: warehouse
-- Layout (a) result: three apps side by side, joinable in one query.
select schemaname, tablename from pg_tables where schemaname in ('shop','crm','billing') order by 1,2;
 schemaname | tablename 
------------+-----------
 billing    | invoices
 billing    | payments
 crm        | accounts
 crm        | contacts
 shop       | orders
(5 rows)

select 'shop.orders' t, count(*) from shop.orders union all select 'crm.accounts', count(*) from crm.accounts
 union all select 'billing.invoices', count(*) from billing.invoices order by 1;
        t         | count 
------------------+-------
 billing.invoices |     3
 crm.accounts     |     3
 shop.orders      |     4
(3 rows)

select a.name as account, a.tier, i.amount as invoiced, i.status
  from crm.accounts a join billing.invoices i on i.account_id = a.id order by a.id;
 account |  tier  | invoiced | status 
---------+--------+----------+--------
 Acme    | gold   |   150.00 | paid
 Globex  | silver |    75.00 | open
 Initech | bronze |    20.00 | open
(3 rows)

select subname, subenabled, subrunasowner, substream, subowner::regrole from pg_subscription order by 1;
   subname   | subenabled | subrunasowner | substream |  subowner   
-------------+------------+---------------+-----------+-------------
 sub_billing | t          | f             | p         | sub_billing
 sub_crm     | t          | f             | p         | sub_crm
 sub_shop    | t          | f             | p         | sub_shop
(3 rows)

