-- @service: warehouse
-- @db: wh_shop
-- Layout (b) evidence: data is there, but nothing can join across databases.
select count(*) as shop_orders from shop.orders;
 shop_orders 
-------------
           4
(1 row)

select count(*) from wh_crm.crm.accounts;
ERROR:  cross-database references are not implemented: "wh_crm.crm.accounts"
LINE 1: select count(*) from wh_crm.crm.accounts;
                             ^
select * from crm.accounts;
ERROR:  relation "crm.accounts" does not exist
LINE 1: select * from crm.accounts;
                      ^
select a.name, o.amount from shop.orders o join crm.accounts a on a.id = o.customer_id;
ERROR:  relation "crm.accounts" does not exist
LINE 1: select a.name, o.amount from shop.orders o join crm.accounts...
                                                        ^
-- what each database costs: one apply worker per subscription, one slot per subscription on the source
select d.datname, count(*) as subscriptions from pg_subscription s join pg_database d on d.oid = s.subdbid group by 1 order by 1;
  datname   | subscriptions 
------------+---------------
 warehouse  |             3
 wh_billing |             1
 wh_crm     |             1
 wh_shop    |             1
(4 rows)

