-[ RECORD 1 ]----------------------------------
id     | 10
source | shop
name   | case owner=sub_shop run_as_owner=false
-[ RECORD 2 ]----------------------------------
id     | 11
source | shop
name   | case owner=sub_shop run_as_owner=true
-[ RECORD 3 ]----------------------------------
id     | 12
source | postgres
name   | case owner=postgres run_as_owner=false
-[ RECORD 4 ]----------------------------------
id     | 13
source | postgres
name   | case owner=postgres run_as_owner=true

 n |   op   | cur_user | sess_user | origin_setup | sub_from_pid | origin_from_pid 
---+--------+----------+-----------+--------------+--------------+-----------------
 1 | INSERT | wh_owner | sub_shop  | t            | sub_c_shop   | pg_<oid>
 2 | INSERT | sub_shop | sub_shop  | t            | sub_c_shop   | pg_<oid>
 3 | INSERT | wh_owner | postgres  | t            | sub_c_shop   | pg_<oid>
 4 | INSERT | postgres | postgres  | t            | sub_c_shop   | pg_<oid>
(4 rows)

 n | application_name | role_guc |           backend_type           
---+------------------+----------+----------------------------------
 1 |                  | shop     | 
 2 |                  | shop     | logical replication apply worker
 3 |                  |          | 
 4 |                  |          | logical replication apply worker
(4 rows)

--- origin catalog on the subscriber:
  subname   | expected_origin_name | matches 
------------+----------------------+---------
 sub_c_shop | pg_<oid>             | t
(1 row)

 column_name 
-------------
 local_id
 external_id
 remote_lsn
 local_lsn
(4 rows)

--- functions that mention the session origin:
                proname                 |               args               | returns 
----------------------------------------+----------------------------------+---------
 pg_replication_origin_advance          | text, pg_lsn                     | void
 pg_replication_origin_create           | text                             | oid
 pg_replication_origin_drop             | text                             | void
 pg_replication_origin_oid              | text                             | oid
 pg_replication_origin_progress         | text, boolean                    | pg_lsn
 pg_replication_origin_session_is_setup |                                  | boolean
 pg_replication_origin_session_progress | boolean                          | pg_lsn
 pg_replication_origin_session_reset    |                                  | void
 pg_replication_origin_session_setup    | text                             | void
 pg_replication_origin_xact_reset       |                                  | void
 pg_replication_origin_xact_setup       | pg_lsn, timestamp with time zone | void
(11 rows)

                proname                 | public_can_execute 
----------------------------------------+--------------------
 pg_replication_origin_oid              | f
 pg_replication_origin_session_is_setup | f
 pg_replication_origin_session_progress | f
(3 rows)

