 source | id  |     name     |  city  
--------+-----+--------------+--------
 shop   |   1 | Alice (shop) | Paris
 shop   |   2 | Bob (shop)   | Lyon
 crm    | 101 | Carol (crm)  | Nantes
 crm    | 102 | Dave (crm)   | Lille
(4 rows)

--- insert, update and delete on both sources
 source | id  |     name     |   city    
--------+-----+--------------+-----------
 shop   |   1 | Alice (shop) | Marseille
 shop   |   3 | Eve (shop)   | Nice
 crm    | 101 | Carol (crm)  | Brest
 crm    | 103 | Fay (crm)    | Metz
(4 rows)

--- a local insert on the warehouse (not an apply worker) gets the default of its own session_user:
  source  | id  
----------+-----
 postgres | 900
(1 row)

  subname   | apply_error_count | confl_update_missing | confl_delete_missing 
------------+-------------------+----------------------+----------------------
 sub_c_crm  |                 0 |                    0 |                    0
 sub_c_shop |                 0 |                    0 |                    0
(2 rows)

