-- @service: shop
-- Step 2b: filter at the source. Column list drops email and phone; row filter keeps
-- only the EU tenant (this warehouse is the EU warehouse).
alter publication pub_shop set table
  shop.orders where (tenant = 'eu'),
  shop.customers (id, account_id, name, country, tenant) where (tenant = 'eu');
ALTER PUBLICATION
select schemaname, tablename, attnames, rowfilter from pg_publication_tables where pubname = 'pub_shop' order by tablename;
 schemaname | tablename |               attnames                |       rowfilter       
------------+-----------+---------------------------------------+-----------------------
 shop       | customers | {id,account_id,name,country,tenant}   | (tenant = 'eu'::text)
 shop       | orders    | {id,customer_id,amount,status,tenant} | (tenant = 'eu'::text)
(2 rows)

-- gotcha 1: the row filter column must be part of the replica identity, or UPDATE/DELETE fail at the source
update shop.orders set status = 'paid' where id = 4;
ERROR:  cannot update table "orders"
DETAIL:  Column used in the publication WHERE expression is not part of the replica identity.
update shop.customers set name = 'Daniel' where id = 4;
ERROR:  cannot update table "customers"
DETAIL:  Column used in the publication WHERE expression is not part of the replica identity.
-- fix: a unique index that contains the filter column, used as replica identity
create unique index orders_id_tenant on shop.orders (id, tenant);
CREATE INDEX
alter table shop.orders replica identity using index orders_id_tenant;
ALTER TABLE
create unique index customers_id_tenant on shop.customers (id, tenant);
CREATE INDEX
alter table shop.customers replica identity using index customers_id_tenant;
ALTER TABLE
update shop.orders set status = 'paid' where id = 4;
UPDATE 1
update shop.customers set name = 'Dan' where id = 4;
UPDATE 1
