-- @service: warehouse
-- Step 2d: what the subscriber holds.
select column_name from information_schema.columns where table_schema = 'shop' and table_name = 'customers' order by ordinal_position;
 column_name 
-------------
 id
 account_id
 name
 country
 tenant
(5 rows)

select * from shop.customers order by id;
 id | account_id | name  | country | tenant 
----+------------+-------+---------+--------
  1 |          1 | Alice | FR      | eu
  2 |          1 | Bob   | FR      | eu
  4 |          3 | Dan   | DE      | eu
(3 rows)

-- gotcha 2: the row filter only applies to changes and to new tables. The US order copied
-- BEFORE the filter existed is still here (and stays until someone deletes it by hand).
select id, tenant, status from shop.orders order by id;
 id | tenant | status 
----+--------+--------
  1 | eu     | paid
  2 | eu     | paid
  3 | us     | paid
  4 | eu     | paid
(4 rows)

