-- @service: warehouse
-- Step 3c: replication has caught up (the runner waited), the materialized view has not.
select i.id, i.status, (select sum(amount) from billing.payments p where p.invoice_id = i.id) as paid_now
  from billing.invoices i where i.id = 2;
 id | status | paid_now 
----+--------+----------
  2 | paid   |    75.00
(1 row)

select account_id, name, invoiced, paid from mart.revenue_per_account where account_id = 2;
 account_id |  name  | invoiced | paid 
------------+--------+----------+------
          2 | Globex |    75.00 |    0
(1 row)

refresh materialized view concurrently mart.revenue_per_account;
REFRESH MATERIALIZED VIEW
select account_id, name, invoiced, paid from mart.revenue_per_account where account_id = 2;
 account_id |  name  | invoiced | paid  
------------+--------+----------+-------
          2 | Globex |    75.00 | 75.00
(1 row)

