--- test_decoding via pg_recvlogical (consumes the slot up to endpos):
BEGIN
table shop.customers: INSERT: id[integer]:10 account_id[integer]:3 name[text]:'Ivy' country[text]:'FR' tenant[text]:'eu'
table shop.orders: INSERT: id[integer]:7 customer_id[integer]:10 amount[numeric]:42.00 status[text]:'new' tenant[text]:'eu'
COMMIT
BEGIN
table shop.orders: INSERT: id[integer]:8 customer_id[integer]:10 amount[numeric]:1.00 status[text]:'new' tenant[text]:'eu'
COMMIT
BEGIN
table shop.orders: UPDATE: id[integer]:8 customer_id[integer]:10 amount[numeric]:1.00 status[text]:'paid' tenant[text]:'eu'
COMMIT
BEGIN
table crm.accounts: INSERT: id[integer]:4 name[text]:'Umbrella' tier[text]:'gold'
COMMIT
BEGIN
table billing.invoices: INSERT: id[integer]:4 account_id[integer]:4 amount[numeric]:99.00 status[text]:'open'
COMMIT
BEGIN
table billing.payments: INSERT: id[integer]:900 invoice_id[integer]:3 amount[numeric]:1.00
COMMIT
--- pgoutput via pg_recvlogical (binary; only the relation names, origin names and two values are extracted):
pg_<oid>
Ivy
pg_<oid>
pg_<oid>
pg_<oid>
Umbrella
pg_<oid>
