 logical_decoding_work_mem 
---------------------------
 64kB
(1 row)

 subname  | substream 
----------+-----------
 sub_shop | p
(1 row)

### large source transaction, ending with commit
downstream already streams while the source transaction is open: yes
rows tagged 'bulk_c' visible on the warehouse while the source transaction is open: 0
--- downstream output: distinct line kinds (a streamed transaction has no BEGIN line)
closing a streamed block for transaction
committing streamed transaction
opening a streamed block for transaction
first line: opening a streamed block for transaction
last line:  committing streamed transaction
streamed changes delivered before the end of the transaction: more than 10000
streamed blocks: several
rows tagged 'bulk_c' visible on the warehouse at the end: 20000
### large source transaction, ending with rollback
downstream already streams while the source transaction is open: yes
rows tagged 'bulk_r' visible on the warehouse while the source transaction is open: 0
--- downstream output: distinct line kinds (a streamed transaction has no BEGIN line)
aborting streamed (sub)transaction
closing a streamed block for transaction
opening a streamed block for transaction
first line: opening a streamed block for transaction
last line:  aborting streamed (sub)transaction
streamed changes delivered before the end of the transaction: more than 10000
streamed blocks: several
rows tagged 'bulk_r' visible on the warehouse at the end: 0
 slot_name | streamed | stream_blocks 
-----------+----------+---------------
 cdc_td    | t        | t
(1 row)

