### 0. both servers, wal_level untouched (the default is replica)
 wal_level 
-----------
 replica
(1 row)

### 1. base backup pg19_b from pg19_a, start it as a standby, hot_standby_feedback on
pg_basebackup: initiating base backup, waiting for checkpoint to complete
pg_basebackup: checkpoint completed
pg_basebackup: starting background WAL receiver
pg_basebackup: created replication slot "standby1"
pg_basebackup: syncing data to disk ...
pg_basebackup: renaming backup_manifest.tmp to backup_manifest
pg_basebackup: base backup completed
waiting for server to start.... done
server started
     ?column?      
-------------------
 in recovery: true
(1 row)

 wal_level 
-----------
 replica
(1 row)

### 2. a logical slot directly on the standby, before the primary has any: refused
pg_recvlogical: error: could not send replication command "CREATE_REPLICATION_SLOT "probe_b" LOGICAL "test_decoding" ( SNAPSHOT 'nothing')": ERROR:  logical decoding on standby requires "effective_wal_level" >= "logical" on the primary
HINT:  Set "wal_level" >= "logical" or create at least one logical slot when "wal_level" = "replica".
exit=1
### 3. one logical slot on the primary, nothing else changed
 pg_create_logical_replication_slot 
------------------------------------
 (probe_a,<LSN>)
(1 row)

        name         | setting 
---------------------+---------
 effective_wal_level | logical
 wal_level           | replica
(2 rows)

### 4. the same slot on the standby now succeeds, and its own effective_wal_level is logical too
exit=0
        name         | setting 
---------------------+---------
 effective_wal_level | logical
 wal_level           | replica
(2 rows)

### 5. a row on the primary, decoded from the standby's own slot, once it has replayed
BEGIN
table public.t: INSERT: id[integer]:1
COMMIT
