ERROR:  logical replication target relation "shop.orders" is missing replicated column: "note"
 subname  | apply_is_failing 
----------+------------------
 sub_shop | t
(1 row)

 orders_after_note_insert 
--------------------------
                        0
(1 row)

 slot_name | unconfirmed_wal 
-----------+-----------------
 sub_shop  | t
(1 row)

--- fix: add the column on the subscriber; the worker retries by itself (wal_retrieve_retry_interval 5s)
 amount |      note       
--------+-----------------
   5.00 | first with note
   6.00 | 
(2 rows)

--- right order for the next additive change: subscriber first, then publisher
 amount | priority 
--------+----------
   7.00 |        1
(1 row)

--- dropping a column: publisher first is fine, the subscriber keeps a NULL column
 amount | priority 
--------+----------
   7.00 |        1
   8.00 |         
(2 rows)

