### on shop: the queue table and the event trigger that fills it
CREATE TABLE
CREATE FUNCTION
CREATE EVENT TRIGGER
### on warehouse: a matching table, and the replay trigger (ENABLE ALWAYS)
CREATE TABLE
CREATE FUNCTION
CREATE TRIGGER
ALTER TABLE
ALTER TABLE
### wire the queue table into the existing publication and subscription
### a real DDL statement on shop, one statement, so current_query() stays clean
### on warehouse: the column exists, with no manual ALTER TABLE there at all
 column_name | column_default 
-------------+----------------
 urgent      | false
(1 row)

### and the queue table doubles as an audit log
     tag     |                             command                             
-------------+-----------------------------------------------------------------
 ALTER TABLE | alter table shop.orders add column urgent boolean default false
(1 row)

